[INFO] Scanning for projects...
[INFO] 
[INFO] -----------------------< com.mdau:ukena-backend >-----------------------
[INFO] Building ukena-backend 0.0.1-SNAPSHOT
[INFO]   from pom.xml
[INFO] --------------------------------[ jar ]---------------------------------
[INFO] 
[INFO] --- clean:3.4.1:clean (default-clean) @ ukena-backend ---
[INFO] Deleting J:\backend\ukena-backend\target
[INFO] 
[INFO] --- resources:3.3.1:resources (default-resources) @ ukena-backend ---
[INFO] Copying 1 resource from src\main\resources to target\classes
[INFO] Copying 8 resources from src\main\resources to target\classes
[INFO] 
[INFO] --- compiler:3.13.0:compile (default-compile) @ ukena-backend ---
[INFO] Recompiling the module because of changed source code.
[INFO] Compiling 141 source files with javac [debug parameters release 17] to target\classes
[INFO] ------------------------------------------------------------------------
[INFO] BUILD SUCCESS
[INFO] ------------------------------------------------------------------------
[INFO] Total time:  9.893 s
[INFO] Finished at: 2026-05-14T16:28:06+03:00
[INFO] ------------------------------------------------------------------------
